986122524
992627861
928621150
997444797
998673135
993706231
999883612
987504156
997041590
998880951
936617548
886333241
998541966
955774311
998605184
996551226
989011654
999257468
973170784
988427040
