85528542
72981121
99663734
95532812
99618384
96926048
99321765
86255532
88433260
99282631
99233080
94041274
87342506
99756026
18471911
88434621
88632557
95072510
99403384
94363224
99567693
36362981
98528831
85588015
99100765
77550351
93660115
98825771
98932420
82020980
97808208
62811015
82552015
91737425
74255251
96167461
64040156
77022239
98906301
99078582
54268616
99364311
66220500
98833318
92765701
99897206
85442725
98447606
99686233
93067810
81637150
96468465
92055502
86348215
97861142
91837540
99183034
83443641
98648215
94216051
61877450
92876465
88162426
95678015
98820821
97424771
98723102
88603746
98360701
98006296
93847225
97710601
93124766
99158846
97005662
92254052
89616799
66125656
92763630
97211602
88506271
97137965
99355310
98403168
92044321
99483734
86785048
97641325
84465124
98809525
99929331
93315209
93625711
98686210
99217476
99705871
91349972
94564562
91248076
99363900
